.next/types/app/companions/[id]/page.ts(34,29): error TS2344: Type 'CompanionSessionPageProps' does not satisfy the constraint 'PageProps'.
  Types of property 'params' are incompatible.
    Type '{ id: string; }' is missing the following properties from type 'Promise<any>': then, catch, finally, [Symbol.toStringTag]
app/my-journey/page.tsx(86,15): error TS2322: Type 'Error | any[][]' is not assignable to type 'any[] | undefined'.
  Type 'Error' is missing the following properties from type 'any[]': length, pop, push, concat, and 35 more.
app/my-journey/page.tsx(95,51): error TS2322: Type 'any[] | Error' is not assignable to type 'any[] | undefined'.
  Type 'Error' is missing the following properties from type 'any[]': length, pop, push, concat, and 35 more.
components/CompanionComponent.tsx(107,49): error TS2345: Argument of type '{ variableValues: { subject: string; topic: string; style: string; }; clientMessages: string[]; serverMessages: never[]; }' is not assignable to parameter of type 'AssistantOverrides'.
  Types of property 'clientMessages' are incompatible.
    Type 'string[]' is not assignable to type '"conversation-update" | "function-call" | "function-call-result" | "hang" | "language-changed" | "metadata" | "model-output" | "speech-update" | "status-update" | "transcript" | ... 7 more ... | undefined'.
lib/utils.ts(58,5): error TS2322: Type 'never[]' is not assignable to type '"conversation-update" | "function-call" | "function-call-result" | "hang" | "language-changed" | "metadata" | "model-output" | "speech-update" | "status-update" | "transcript" | ... 7 more ... | undefined'.
lib/utils.ts(59,5): error TS2322: Type 'never[]' is not assignable to type '"conversation-update" | "function-call" | "hang" | "language-changed" | "model-output" | "speech-update" | "status-update" | "transcript" | "tool-calls" | "transfer-update" | ... 7 more ... | undefined'.
